// Jest Snapshot v1, https://goo.gl/fbAQLP

exports[`<SEOHeader /> SEOHeader snapshot 1`] = `null`;
